======================================================================
FASE GREEN - EVIDÊNCIA DE SUCESSO
Task: plan-2026-10-09-002-task-006
Comando: npm test tests/unit/scoresheetExport.test.ts && npm test && npm run build
Data: 2026-10-09T12:02:15-03:00
Status: SUCCESS (100% Verde - Exit Code 0)
======================================================================

> rockgol-sao-patricio@1.0.0 test
> vitest run

 RUN  v3.2.7 C:/Users/andre.ribeiro/Documents/GitHub-AFR/Rockgol---Sao-Patricio

 ✓ tests/unit/scoresheetService.test.ts (7 tests)
 ✓ tests/unit/initialData.test.ts (8 tests)
 ✓ tests/unit/standingsService.test.ts (7 tests)
 ✓ tests/unit/scoresheetIntegration.test.ts (2 tests)
 ✓ tests/unit/backupService.test.ts (7 tests)
 ✓ tests/unit/scoresheetExport.test.ts (7 tests)
 ✓ tests/unit/scoresheetTypes.test.ts (3 tests)
 ✓ tests/unit/knockoutService.test.ts (4 tests)
 ✓ tests/unit/setup.test.ts (1 test)
 ✓ tests/unit/uiComponents.test.ts (2 tests)
 ✓ tests/unit/standingsUi.test.ts (1 test)
 ✓ tests/unit/pwaSetup.test.ts (11 tests)
 ✓ tests/unit/scoresheetTab.test.ts (1 test)
 ✓ tests/unit/scoresheetModal.test.ts (1 test)

 Test Files  14 passed (14)
      Tests  62 passed (62)

> rockgol-sao-patricio@1.0.0 build
> tsc && vite build
✓ built in 11.13s (Exit code: 0)
